  BroadcastCamera.cpp
  camera_controller.cpp
  Ball.cpp
  FoulSprite.cpp
  GameTimer.cpp
C:\Users\2240021\Desktop\myLibrary\baseballGame\Sources\Game\GameTimer.cpp(60,21): warning C4244: '-=': 'float' から 'int' への変換です。データが失われる可能性があります。
C:\Users\2240021\Desktop\myLibrary\baseballGame\Sources\Game\GameTimer.cpp(61,47): warning C4244: '=': 'float' から 'int' への変換です。データが失われる可能性があります。
  HomeRunCount.cpp
  Money.cpp
C:\Users\2240021\Desktop\myLibrary\baseballGame\Sources\Game\ShopManager.h(452,29): warning C4244: '初期化中': 'float' から 'int' への変換です。データが失われる可能性があります。
  (ソース ファイル 'Sources/Game/Money.cpp' をコンパイルしています)
  
C:\Users\2240021\Desktop\myLibrary\baseballGame\Sources\Game\ShopManager.h(453,33): warning C4244: '初期化中': 'float' から 'int' への変換です。データが失われる可能性があります。
  (ソース ファイル 'Sources/Game/Money.cpp' をコンパイルしています)
  
C:\Users\2240021\Desktop\myLibrary\baseballGame\Sources\Game\Money.cpp(535,23): warning C4244: '初期化中': 'float' から 'int' への変換です。データが失われる可能性があります。
C:\Users\2240021\Desktop\myLibrary\baseballGame\Sources\Game\Money.cpp(540,18): warning C4244: '初期化中': 'float' から 'int' への変換です。データが失われる可能性があります。
  Pitcher.cpp
C:\Users\2240021\Desktop\myLibrary\baseballGame\Sources\Renderer\BloomRenderer.h(107,60): warning C4244: '初期化中': 'float' から 'UINT' への変換です。データが失われる可能性があります。
  (ソース ファイル 'Sources/Game/Pitcher.cpp' をコンパイルしています)
  
C:\Users\2240021\Desktop\myLibrary\baseballGame\Sources\Renderer\BloomRenderer.h(108,62): warning C4244: '初期化中': 'float' から 'UINT' への変換です。データが失われる可能性があります。
  (ソース ファイル 'Sources/Game/Pitcher.cpp' をコンパイルしています)
  
  Player.cpp
  ReplayManager.cpp
  Result.cpp
C:\Users\2240021\Desktop\myLibrary\baseballGame\Sources\Renderer\BloomRenderer.h(107,60): warning C4244: '初期化中': 'float' から 'UINT' への変換です。データが失われる可能性があります。
  (ソース ファイル 'Sources/Game/Result.cpp' をコンパイルしています)
  
C:\Users\2240021\Desktop\myLibrary\baseballGame\Sources\Renderer\BloomRenderer.h(108,62): warning C4244: '初期化中': 'float' から 'UINT' への変換です。データが失われる可能性があります。
  (ソース ファイル 'Sources/Game/Result.cpp' をコンパイルしています)
  
C:\Users\2240021\Desktop\myLibrary\baseballGame\Sources\Game\Result.cpp(43,12): warning C4244: '引数': 'float' から 'int' への変換です。データが失われる可能性があります。
C:\Users\2240021\Desktop\myLibrary\baseballGame\Sources\Game\Result.cpp(43,3): warning C4244: '引数': 'float' から 'int' への変換です。データが失われる可能性があります。
